/var/spool/slurmd/job92743/slurm_script: line 20: /path/to/your/miniforge3/etc/profile.d/conda.sh: No such file or directory

CondaError: Run 'conda init' before 'conda activate'

Job started on ece-ykasten1.ece.technion.ac.il at Tue Sep 22 10:08:17 AM IDT 2026
KAVG_BATCH_SIZE for this run: 1
usage: jupyter [-h] [--json] [--debug]
               [--version | --config-dir | --data-dir | --runtime-dir |
               --paths | subcommand]

Jupyter: Interactive Computing

positional arguments:
  subcommand     the subcommand to launch

options:
  -h, --help     show this help message and exit
  --version      show the versions of core jupyter packages and exit
  --config-dir   show Jupyter config dir
  --data-dir     show Jupyter data dir
  --runtime-dir  show Jupyter runtime dir
  --paths        show all Jupyter paths. Add --json for machine-readable
                 format.
  --json         output paths as machine-readable json
  --debug        output debug information about paths

Available subcommands: execute kernel kernelspec migrate run troubleshoot
trust

Jupyter command `jupyter-nbconvert` not found.
Input Notebook:  outputs/MRI_ConvDeconv_variance_earlystop_92743_filtered.ipynb
Output Notebook: outputs/MRI_ConvDeconv_variance_earlystop_knee_92743.ipynb
Traceback (most recent call last):
  File "/home/itai.p/miniforge3/lib/python3.14/site-packages/papermill/iorw.py", line 199, in read
    json.loads(path)
    ~~~~~~~~~~^^^^^^
  File "/home/itai.p/miniforge3/lib/python3.14/json/__init__.py", line 352, in loads
    return _default_decoder.decode(s)
           ~~~~~~~~~~~~~~~~~~~~~~~^^^
  File "/home/itai.p/miniforge3/lib/python3.14/json/decoder.py", line 345, in decode
    obj, end = self.raw_decode(s, idx=_w(s, 0).end())
               ~~~~~~~~~~~~~~~^^^^^^^^^^^^^^^^^^^^^^^
  File "/home/itai.p/miniforge3/lib/python3.14/json/decoder.py", line 363, in raw_decode
    raise JSONDecodeError("Expecting value", s, err.value) from None
json.decoder.JSONDecodeError: Expecting value: line 1 column 1 (char 0)

During handling of the above exception, another exception occurred:

Traceback (most recent call last):
  File "/home/itai.p/miniforge3/bin/papermill", line 6, in <module>
    sys.exit(papermill())
             ~~~~~~~~~^^
  File "/home/itai.p/miniforge3/lib/python3.14/site-packages/click/core.py", line 1631, in __call__
    return self.main(*args, **kwargs)
           ~~~~~~~~~^^^^^^^^^^^^^^^^^
  File "/home/itai.p/miniforge3/lib/python3.14/site-packages/click/core.py", line 1552, in main
    rv = self.invoke(ctx)
  File "/home/itai.p/miniforge3/lib/python3.14/site-packages/click/core.py", line 1415, in invoke
    return ctx.invoke(self.callback, **ctx.params)
           ~~~~~~~~~~^^^^^^^^^^^^^^^^^^^^^^^^^^^^^
  File "/home/itai.p/miniforge3/lib/python3.14/site-packages/click/core.py", line 910, in invoke
    return callback(*args, **kwargs)
  File "/home/itai.p/miniforge3/lib/python3.14/site-packages/click/decorators.py", line 34, in new_func
    return f(get_current_context(), *args, **kwargs)
  File "/home/itai.p/miniforge3/lib/python3.14/site-packages/papermill/cli.py", line 235, in papermill
    execute_notebook(
    ~~~~~~~~~~~~~~~~^
        input_path=input_path,
        ^^^^^^^^^^^^^^^^^^^^^^
    ...<15 lines>...
        execution_timeout=execution_timeout,
        ^^^^^^^^^^^^^^^^^^^^^^^^^^^^^^^^^^^^
    )
    ^
  File "/home/itai.p/miniforge3/lib/python3.14/site-packages/papermill/execute.py", line 89, in execute_notebook
    nb = load_notebook_node(input_path)
  File "/home/itai.p/miniforge3/lib/python3.14/site-packages/papermill/iorw.py", line 499, in load_notebook_node
    nb = nbformat.reads(papermill_io.read(notebook_path), as_version=4)
                        ~~~~~~~~~~~~~~~~~^^^^^^^^^^^^^^^
  File "/home/itai.p/miniforge3/lib/python3.14/site-packages/papermill/iorw.py", line 96, in read
    notebook_metadata = self.get_handler(path, extensions).read(path)
  File "/home/itai.p/miniforge3/lib/python3.14/site-packages/papermill/iorw.py", line 203, in read
    raise e
  File "/home/itai.p/miniforge3/lib/python3.14/site-packages/papermill/iorw.py", line 193, in read
    with open(path, encoding="utf-8") as f:
         ~~~~^^^^^^^^^^^^^^^^^^^^^^^^
FileNotFoundError: [Errno 2] No such file or directory: 'outputs/MRI_ConvDeconv_variance_earlystop_92743_filtered.ipynb'
Finished at Tue Sep 22 10:08:17 AM IDT 2026.
Output notebook: outputs/MRI_ConvDeconv_variance_earlystop_knee_92743.ipynb
Results CSV under: /home/itai.p/fastmri_results/knee/results/
